
#-PS D:\onedrive\OneDrive - ABES\Desktop\coding\fsd> git init
#-Reinitialized existing Git repository in D:/onedrive/OneDrive - ABES/Desktop/coding/fsd/.git/
#-PS D:\onedrive\OneDrive - ABES\Desktop\coding\fsd> git add .
#-PS D:\onedrive\OneDrive - ABES\Desktop\coding\fsd> git commit -am "this is my first fsd"
On branch main
nothing to commit, working tree clean
#-PS D:\onedrive\OneDrive - ABES\Desktop\coding\fsd> git commit -am "this is my first fsd 1 " 
On branch main
nothing to commit, working tree clean
#-PS D:\onedrive\OneDrive - ABES\Desktop\coding\fsd> git remote add origin https://github.com/Ashu90#21487/fsd.git
error: remote origin already exists.
#-PS D:\onedrive\OneDrive - ABES\Desktop\coding\fsd> git branch -M main
#-PS D:\onedrive\OneDrive - ABES\Desktop\coding\fsd> git push -u origin main
info: please complete authentication in your browser...
Enumerating objects: 6, done.
Counting objects: 100% (6/6), done.
Delta compression using up to 8 threads
Compressing objects: 100% (4/4), done.
Writing objects: 100% (6/6), 607 bytes | 151.00 KiB/s, done.
Total 6 (delta 1), reused 0 (delta 0), pack-reused 0 (from 0)
remote: Resolving deltas: 100% (1/1), done.
To https://github.com/Ashu90#21487/fsd.git
 * [new branch]      main -> main
branch 'main' set up to track 'origin/main'.
PS D:\onedrive\OneDrive - ABES\Desktop\coding\fsd> 